../Core/Inc/PCF8574/PCF8574.c:29:6:lcd_Init	16	static
../Core/Inc/PCF8574/PCF8574.c:78:6:lcd_Clear	8	static
../Core/Inc/PCF8574/PCF8574.c:83:6:lcd_Home	8	static
../Core/Inc/PCF8574/PCF8574.c:90:6:lcd_NoDisplay	8	static
../Core/Inc/PCF8574/PCF8574.c:95:6:lcd_Display	8	static
../Core/Inc/PCF8574/PCF8574.c:102:6:lcd_SetCursor	40	static
../Core/Inc/PCF8574/PCF8574.c:112:6:lcd_NoCursor	8	static
../Core/Inc/PCF8574/PCF8574.c:117:6:lcd_Cursor	8	static
../Core/Inc/PCF8574/PCF8574.c:122:6:lcd_NoBlink	8	static
../Core/Inc/PCF8574/PCF8574.c:127:6:lcd_Blink	8	static
../Core/Inc/PCF8574/PCF8574.c:135:6:lcd_PrintStr	16	static
../Core/Inc/PCF8574/PCF8574.c:141:6:lcd_NoBacklight	8	static
../Core/Inc/PCF8574/PCF8574.c:146:6:lcd_Backlight	8	static
../Core/Inc/PCF8574/PCF8574.c:154:13:SendCommand	16	static
../Core/Inc/PCF8574/PCF8574.c:158:13:SendChar	16	static
../Core/Inc/PCF8574/PCF8574.c:169:13:Send	24	static
../Core/Inc/PCF8574/PCF8574.c:183:13:Write4Bits	16	static
../Core/Inc/PCF8574/PCF8574.c:191:13:ExpanderWrite	24	static
../Core/Inc/PCF8574/PCF8574.c:199:13:PulseEnable	16	static
